// Jest Snapshot v1, https://goo.gl/fbAQLP

exports[`findMoviesByTitle shold be an array of movie objects 1`] = `
[
  :D Flipper,
]
`;
